// Jest Snapshot v1, https://goo.gl/fbAQLP

exports[`===============> Line <============= renders 1`] = `
<DocumentFragment>
  <svg
    class="Line"
    viewBox="0 1 120.5 1"
  >
    <path
      d="M 0 1 L 120.5 1"
      fill="transparent"
      id="Line"
      linecap="square"
      linejoin="miter"
      miterlimit="10"
      rendering="auto"
      stroke="rgba(231,231,231,1)"
      width="1px"
    />
  </svg>
</DocumentFragment>
`;
