// Jest Snapshot v1, https://goo.gl/fbAQLP

exports[`=============>Nav<============= should render Nav component 1`] = `
<DocumentFragment>
  <div
    class="nav "
  >
    <a
      href="/"
    >
      <h3
        class="text-center pt-2 li"
      >
        <img
          class="logo"
          src=""
        />
      </h3>
    </a>
    <ul
      class="nav-link"
    >
      <a
        href="/login"
      >
        <li
          class="li"
        >
          Login
        </li>
      </a>
      <a
        href="/"
      >
        <li
          class="li"
        >
          SignUp
        </li>
      </a>
    </ul>
  </div>
</DocumentFragment>
`;
