// Jest Snapshot v1, https://goo.gl/fbAQLP

exports[`=============>LOGIN<============= should render login component 1`] = `
<DocumentFragment>
  <div
    class="login-page loginContainer"
  >
    <div
      class="hide spinner-border text-primary"
    />
    <form
      class="form"
    >
      <h1>
        Sign in
      </h1>
      <span>
        <p
          class="hide"
          id="loginError"
        >
          <img
            class="alertIcon"
            src="[object Object]"
          />
        </p>
      </span>
      <p>
        Login with social media
      </p>
      <div>
        <div>
          <svg
            class="mr-2 color"
            enable-background="new 0 0 48 48"
            fill="currentColor"
            height="1em"
            stroke="currentColor"
            stroke-width="0"
            version="1.1"
            viewBox="0 0 48 48"
            width="1em"
            x="0px"
            xmlns="http://www.w3.org/2000/svg"
            y="0px"
          >
            <path
              d="M43.611,20.083H42V20H24v8h11.303c-1.649,4.657-6.08,8-11.303,8c-6.627,0-12-5.373-12-12
	c0-6.627,5.373-12,12-12c3.059,0,5.842,1.154,7.961,3.039l5.657-5.657C34.046,6.053,29.268,4,24,4C12.955,4,4,12.955,4,24
	c0,11.045,8.955,20,20,20c11.045,0,20-8.955,20-20C44,22.659,43.862,21.35,43.611,20.083z"
              fill="#FFC107"
            />
            <path
              d="M6.306,14.691l6.571,4.819C14.655,15.108,18.961,12,24,12c3.059,0,5.842,1.154,7.961,3.039l5.657-5.657
	C34.046,6.053,29.268,4,24,4C16.318,4,9.656,8.337,6.306,14.691z"
              fill="#FF3D00"
            />
            <path
              d="M24,44c5.166,0,9.86-1.977,13.409-5.192l-6.19-5.238C29.211,35.091,26.715,36,24,36
	c-5.202,0-9.619-3.317-11.283-7.946l-6.522,5.025C9.505,39.556,16.227,44,24,44z"
              fill="#4CAF50"
            />
            <path
              d="M43.611,20.083H42V20H24v8h11.303c-0.792,2.237-2.231,4.166-4.087,5.571
	c0.001-0.001,0.002-0.001,0.003-0.002l6.19,5.238C36.971,39.205,44,34,44,24C44,22.659,43.862,21.35,43.611,20.083z"
              fill="#1976D2"
            />
          </svg>
          <button
            class="btnStyle"
          >
            Sign in with Google
          </button>
        </div>
        <div>
          <form
            action="https://knights-bn-backnd.herokuapp.com/api/v1/auth/login/facebook"
            class="social-login-btn"
          >
            <svg
              class="mr-2 ml-3 text-light bg-info"
              fill="currentColor"
              height="1em"
              stroke="currentColor"
              stroke-width="0"
              viewBox="0 0 320 512"
              width="1em"
              xmlns="http://www.w3.org/2000/svg"
            >
              <path
                d="M279.14 288l14.22-92.66h-88.91v-60.13c0-25.35 12.42-50.06 52.24-50.06h40.42V6.26S260.43 0 225.36 0c-73.22 0-121.08 44.38-121.08 124.72v70.62H22.89V288h81.39v224h100.17V288z"
              />
            </svg>
            <button
              class="btnStyle"
            >
              Sign in with Facebook
            </button>
          </form>
        </div>
      </div>
    </form>
    <div
      id="or"
    >
      <svg
        class="Line"
        viewBox="0 1 120.5 1"
      >
        <path
          d="M 0 1 L 120.5 1"
          fill="transparent"
          id="Line"
          linecap="square"
          linejoin="miter"
          miterlimit="10"
          rendering="auto"
          stroke="rgba(231,231,231,1)"
          width="1px"
        />
      </svg>
      <div
        id="or_"
      >
        <span>
          or
        </span>
      </div>
      <svg
        class="Line_"
        viewBox="0 1 120.5 1"
      >
        <path
          d="M 0 1 L 120.5 1"
          fill="transparent"
          id="Line"
          linecap="square"
          linejoin="miter"
          miterlimit="10"
          rendering="auto"
          stroke="rgba(231,231,231,1)"
          width="1px"
        />
      </svg>
    </div>
    <div
      class="form-group"
    >
      <input
        aria-label="email"
        class="form-control"
        id="email"
        name="email"
        placeholder="email"
        type="email"
        value=""
      />
    </div>
    <div
      class="form-group"
    >
      <input
        aria-label="password"
        class="form-control"
        id="password"
        name="password"
        placeholder="password"
        type="password"
        value=""
      />
    </div>
    <p />
    <button
      aria-label="Login"
      class="btn btn-primary"
      id="loginBtn"
      label="Login"
      type="button"
    >
      Login
    </button>
    <a
      href="#"
      id="forgotPassword"
    >
      <p>
        Forgot Password?
      </p>
    </a>
  </div>
</DocumentFragment>
`;
